On Linux does this work?

nano ~/.profile   (this works)




find /usr/lib/jvm/java-1.x.x-openjdk
vim /etc/profile
add:

export JAVA_HOME="path that you found"

export PATH=$JAVA_HOME/bin:$PATH




export JAVA_HOME=$(readlink -f /usr/bin/javac | sed "s:/bin/javac::")


 Doing what Oracle does (as a former Sun Employee I can't get used to that one)

ln -s latestJavaRelease /usr/java/default
Where latestJavaRelease is the version that you want to use

then export JAVA_HOME=/usr/java/default



#!/bin/sh
export JAVA_HOME=/opt/ibm/java-x86_64-60/
export PATH=$JAVA_HOME/bin:$PATH



which java says /usr/bin/java

$JAVA_HOME/bin/java -version says 'Permission Denied'

sudo $JAVA_HOME/bin/java -version (asks for password, then) says Command not found

but cd $JAVA_HOME/bin, and ls shows that it is right directory.



Alternatively, type the following command to activate the new path settings immediately:
$ source ~/.bash_profile

OR
$ . ~/.bash_profile

Verify new settings:
$ echo $JAVA_HOME
$ echo $PATH


which java

find / -name java



set ANDROID_SDK_HOME=C:\[wherever your sdk folder is]
ANDROID_SDK_HOME=/home/your_username


export JAVA_HOME=/usr/java/jdk1.7.0_21
export PATH=/usr/java/jdk1.7.0_21/bin:$PATH

 source /root/.bash_profile

java --version

echo $JAVA_HOME

echo $PATH







A script

[root@localhost ~]# cat /root/.bash_profile
# .bash_profile

# Get the aliases and functions
if [ -f ~/.bashrc ]; then
. ~/.bashrc
fi

# User specific environment and startup programs

PATH=$PATH:$HOME/bin

export PATH

export JAVA_HOME=/usr/java/jdk1.7.0_21
export PATH=/usr/java/jdk1.7.0_21/bin:$PATH
[root@localhost ~]#








(1) /etc/profile = To set environment variable to all users

(2) $HOME/.bashrc = To set environment for login user.
(3) $HOME/.bash_profile = To set environment for login user

Note: .bash_profile is executed for login shells, while .bashrc is executed for interactive non-login shells.

(4) Create a shell script inside /etc/profile.d/ with .sh extension. and make the file executable.

(5) Create a shell script in some other location and give its path in /etc/rc.local





export PATH=$JAVA_HOME/bin:$PATH




This works on windows


Net use p: "\\abcd\My Classes$\computer programming 2011\Assignments" /persistent:no


set ANT_HOME=p:phonegapmain\ant
set ANDROID_HOME=p:phonegapmain\android
set ANDROID_SDK_HOME=%USERPROFILE%
set JAVA_HOME=p:phonegapmain\java

set PATH=C:\Windows;C:\Windows\System32;p:phonegapmain\java\bin;p:phonegapmain\android\tools;p:phonegapmain\android\platform-tools;p:phonegapmain\ant\bin


set CLASSPATH=




p:phonegapmain\phonegap\lib\android\bin\create.bat H:\Documents\phonegap1 com.myone.myApp1 myApp1
pause
